// Jest Snapshot v1, https://goo.gl/fbAQLP

exports[`Sidebar Component should render Sidebar component 1`] = `ShallowWrapper {}`;
